Calculating task graph as no cached configuration is available for tasks: clean :app:testDebugUnitTest :app:compileDebugSources :app:assembleDebug
> Task :app:preBuild UP-TO-DATE
> Task :app:generateDebugAssets UP-TO-DATE
> Task :app:preDebugUnitTestBuild UP-TO-DATE
> Task :app:preDebugBuild UP-TO-DATE
> Task :app:clean
> Task :app:processDebugGoogleServices FROM-CACHE
> Task :app:generateDebugBuildConfig FROM-CACHE
> Task :app:generateDebugResources
> Task :app:javaPreCompileDebug FROM-CACHE
> Task :app:processDebugNavigationResources
> Task :app:checkDebugAarMetadata
> Task :app:mapDebugSourceSetPaths
> Task :app:compileDebugNavigationResources FROM-CACHE
> Task :app:createDebugCompatibleScreenManifests
> Task :app:extractDeepLinksDebug FROM-CACHE
> Task :app:processDebugMainManifest FROM-CACHE
> Task :app:processDebugManifest FROM-CACHE
> Task :app:processDebugManifestForPackage FROM-CACHE
> Task :app:javaPreCompileDebugUnitTest FROM-CACHE
> Task :app:mergeDebugAssets
> Task :app:packageDebugResources
> Task :app:parseDebugLocalResources
> Task :app:generateDebugRFile
> Task :app:mergeDebugNativeDebugMetadata NO-SOURCE
> Task :app:compressDebugAssets FROM-CACHE
> Task :app:checkDebugDuplicateClasses
> Task :app:desugarDebugFileDependencies FROM-CACHE
> Task :app:processDebugUnitTestManifest
> Task :app:mergeLibDexDebug FROM-CACHE
> Task :app:mergeDebugJniLibFolders
> Task :app:mergeDebugNativeLibs

> Task :app:stripDebugDebugSymbols
Unable to strip the following libraries, packaging them as they are: libandroidx.graphics.path.so, libdatastore_shared_counter.so. Run with --info option to learn more.

> Task :app:validateSigningDebug
> Task :app:writeDebugAppMetadata
> Task :app:writeDebugSigningConfigVersions
> Task :app:mergeExtDexDebug FROM-CACHE
> Task :app:mergeDebugResources
> Task :app:processDebugResources
> Task :app:packageDebugUnitTestForUnitTest
> Task :app:generateDebugUnitTestConfig
> Task :app:kspDebugKotlin

> Task :app:compileDebugKotlin
w: file:///app/applet/app/src/main/java/com/example/data/local/AppDatabase.kt:35:34 The corresponding parameter in the supertype 'Migration' is named 'db'. This may cause problems when calling this function with named arguments.
w: file:///app/applet/app/src/main/java/com/example/ui/DiscoverScreen.kt:822:42 'constructor(p0: String!, p1: String!): Locale' is deprecated. Deprecated in Java.
w: file:///app/applet/app/src/main/java/com/example/ui/DiscoverScreen.kt:953:42 'constructor(p0: String!, p1: String!): Locale' is deprecated. Deprecated in Java.
w: file:///app/applet/app/src/main/java/com/example/ui/HomeScreen.kt:347:61 'val Icons.Filled.ArrowForward: ImageVector' is deprecated. Use the AutoMirrored version at Icons.AutoMirrored.Filled.ArrowForward.
w: file:///app/applet/app/src/main/java/com/example/ui/HomeScreen.kt:359:58 'constructor(p0: String!, p1: String!): Locale' is deprecated. Deprecated in Java.
w: file:///app/applet/app/src/main/java/com/example/ui/HomeScreen.kt:429:61 'val Icons.Filled.ArrowForward: ImageVector' is deprecated. Use the AutoMirrored version at Icons.AutoMirrored.Filled.ArrowForward.
w: file:///app/applet/app/src/main/java/com/example/ui/HomeScreen.kt:582:39 'val Icons.Filled.ArrowForward: ImageVector' is deprecated. Use the AutoMirrored version at Icons.AutoMirrored.Filled.ArrowForward.
w: file:///app/applet/app/src/main/java/com/example/ui/HomeScreen.kt:630:42 'constructor(p0: String!, p1: String!): Locale' is deprecated. Deprecated in Java.
w: file:///app/applet/app/src/main/java/com/example/ui/LooksScreen.kt:554:54 'constructor(p0: String!, p1: String!): Locale' is deprecated. Deprecated in Java.
w: file:///app/applet/app/src/main/java/com/example/ui/TryOnScreens.kt:419:70 'constructor(p0: String!, p1: String!): Locale' is deprecated. Deprecated in Java.
w: file:///app/applet/app/src/main/java/com/example/ui/TryOnScreens.kt:867:62 'constructor(p0: String!, p1: String!): Locale' is deprecated. Deprecated in Java.
w: file:///app/applet/app/src/main/java/com/example/ui/theme/Theme.kt:43:20 'var statusBarColor: Int' is deprecated. Deprecated in Java.

> Task :app:processDebugJavaRes
> Task :app:compileDebugJavaWithJavac
> Task :app:compileDebugSources
> Task :app:bundleDebugClassesToCompileJar
> Task :app:bundleDebugClassesToRuntimeJar
> Task :app:mergeDebugJavaResource
> Task :app:kspDebugUnitTestKotlin
> Task :app:dexBuilderDebug
> Task :app:mergeProjectDexDebug
> Task :app:packageDebug
> Task :app:assembleDebug
> Task :app:createDebugApkListingFileRedirect
> Task :app:compileDebugUnitTestKotlin
> Task :app:compileDebugUnitTestJavaWithJavac NO-SOURCE
> Task :app:processDebugUnitTestJavaRes
> Task :app:testDebugUnitTest

SharedProductErrorScreenTest > testSharedProductErrorScreen_rendersAndOffersActions FAILED
    androidx.test.espresso.AppNotIdleException at AppNotIdleException.java:11

TryOnBackendReadyInterfaceTest > testOrchestration_failedGenerationReleasesHeldCredit FAILED
    java.lang.AssertionError at TryOnBackendReadyInterfaceTest.kt:227

TryOnBackendReadyInterfaceTest > testOrchestration_cancelledGenerationReleasesHeldCredit FAILED
    java.lang.AssertionError at TryOnBackendReadyInterfaceTest.kt:253

119 tests completed, 3 failed

> Task :app:testDebugUnitTest FAILED
> Task :app:finalizeTestRoborazziDebug SKIPPED

FAILURE: Build failed with an exception.

* What went wrong:
Execution failed for task ':app:testDebugUnitTest'.
> There were failing tests. See the report at: file:///app/applet/app/build/reports/tests/testDebugUnitTest/index.html

* Try:
> Run with --scan to get full insights from a Build Scan (powered by Develocity).

BUILD FAILED in 2m 45s
50 actionable tasks: 37 executed, 13 from cache
Configuration cache entry stored.
